exports[`PanelMenu matches snapshot 1`] = `
<PanelMenuComponent
  store={
    Object {
      "dispatch": [Function],
      "getState": [Function],
      "subscribe": [Function],
    }
  } />
`;
