exports[`PanelBar matches snapshot 1`] = `
<PanelBarComponent
  dispatch={[Function]}
  store={
    Object {
      "dispatch": [Function],
      "getState": [Function],
      "subscribe": [Function],
    }
  } />
`;
