exports[`TitleBar matches snapshot 1`] = `
<div
  className="row bar"
  id="title">
  <span>
    Operator
  </span>
</div>
`;
