exports[`OperatorClientMenu matches snapshot 1`] = `
<OperatorClientMenu
  openChats={0}
  operatorFilter="all"
  setFilter={[Function]}
  store={
    Object {
      "dispatch": [Function],
      "getState": [Function],
      "subscribe": [Function],
    }
  } />
`;
