exports[`OperatorSettingsMenu matches snapshot 1`] = `
<OperatorSettingsMenu
  store={
    Object {
      "dispatch": [Function],
      "getState": [Function],
      "subscribe": [Function],
    }
  } />
`;
